// Vitest Snapshot v1, https://vitest.dev/guide/snapshot.html

exports[`SummaryPanel presenta la desagregación del equipamiento manteniendo el subtotal 1`] = `
<section
  class="rounded-3xl border border-inta-blue bg-white/90 p-6 shadow-md"
>
  <div class="flex flex-col gap-6 xl:flex-row xl:items-start">
    <div class="space-y-4 xl:w-80 xl:flex-none">
      <div>
        <h2 class="text-xl font-semibold text-inta-blue">
          Resumen del servicio
        </h2>
        <p class="text-sm text-slate-600">
          Visualiza el aporte parcial de cada nivel y el costo total estimado del servicio.
        </p>
      </div>
      <div class="space-y-2 rounded-lg bg-inta-blue/5 p-3 text-xs text-slate-700">
        <p>
          Servicio:
          <span class="font-medium text-slate-900">
            Servicio de ensayo
          </span>
        </p>
        <p>
          Laboratorio:
          <span class="font-medium text-slate-900">
            Laboratorio INTa
          </span>
        </p>
        <p>
          Fecha de cotización:
          <span class="font-medium text-slate-900">
            20/5/2024
          </span>
        </p>
      </div>
      <div class="space-y-1 rounded-lg bg-slate-50/80 p-3 text-xs text-slate-600">
        <p>
          TC aplicado:
          <span class="font-medium text-slate-800">
            800,00 ARS/USD
          </span>
          — Fuente:
          <span
            class="font-medium text-slate-800"
            title="Se usó cache/valor manual por indisponibilidad de Monedapi"
          >
            Manual
          </span>
          — Fecha 2024-05-01
        </p>
        <p>
          Fuente de valor hora:
          <span class="font-medium text-slate-800">
            Tabla local (2024-01-01 · importación)
          </span>
        </p>
      </div>
      <div class="flex flex-col gap-2 pt-2 text-xs text-slate-600">
        <span class="font-medium text-slate-700">
          Exportar resumen:
        </span>
        <div class="flex flex-wrap gap-2">
          <button
            class="rounded-lg border border-inta-blue bg-white px-3 py-1.5 font-medium text-inta-blue transition hover:bg-inta-blue/10"
            type="button"
          >
            Descargar JSON
          </button>
          <button
            class="rounded-lg border border-inta-blue bg-white px-3 py-1.5 font-medium text-inta-blue transition hover:bg-inta-blue/10"
            type="button"
          >
            Descargar CSV
          </button>
        </div>
      </div>
    </div>
    <div class="flex-1 space-y-4">
      <ul class="space-y-3 text-sm text-slate-600">
        <li class="space-y-1 rounded-2xl border border-slate-200 bg-slate-50/70 p-4">
          <div class="flex items-start justify-between gap-2">
            <div>
              <p class="font-medium text-slate-800">
                Nivel 1 · Costos Directos Unitarios
              </p>
            </div>
            <span class="font-semibold text-slate-900">
              $ 1.700,00
            </span>
          </div>
          <ul class="space-y-2 rounded-lg bg-white/80 p-3 text-xs text-slate-500">
            <li class="space-y-1">
              <div class="flex items-center justify-between gap-2">
                <span>
                  Subnivel 1.1 · Insumos directos
                </span>
                <span class="font-medium text-slate-700">
                  $ 1.200,00
                </span>
              </div>
            </li>
            <li class="space-y-1">
              <div class="flex items-center justify-between gap-2">
                <span>
                  Subnivel 1.3 · Equipamiento específico
                </span>
                <span class="font-medium text-slate-700">
                  $ 500,00
                </span>
              </div>
              <ul class="space-y-1 rounded-md bg-slate-50/70 p-2 text-[11px] text-slate-500">
                <li class="flex items-center justify-between gap-2">
                  <span>
                    Depreciación por determinación (ARS)
                  </span>
                  <span class="font-medium text-slate-600">
                    $ 350,00
                  </span>
                </li>
                <li class="flex items-center justify-between gap-2">
                  <span>
                    Calibración por determinación (ARS)
                  </span>
                  <span class="font-medium text-slate-600">
                    $ 150,00
                  </span>
                </li>
              </ul>
            </li>
          </ul>
        </li>
      </ul>
      <div class="flex flex-col gap-2 rounded-2xl border border-inta-blue bg-inta-blue/10 p-4 text-slate-800">
        <p class="text-lg font-semibold text-inta-blue">
          Costo total estimado
        </p>
        <p class="text-2xl font-bold text-inta-blue">
          $ 1.700,00
        </p>
        <p class="text-sm text-inta-blue/80">
          ≈ US$ 2,13
        </p>
      </div>
    </div>
  </div>
</section>
`;
